```shell
[root@idszt-node201 ~]# df -h
文件系统                 容量  已用  可用 已用% 挂载点
devtmpfs                 3.8G     0  3.8G    0% /dev
tmpfs                    3.9G     0  3.9G    0% /dev/shm
tmpfs                    3.9G   13M  3.8G    1% /run
tmpfs                    3.9G     0  3.9G    0% /sys/fs/cgroup
/dev/mapper/centos-root   50G   12G   39G   24% /
/dev/sda1               1014M  187M  828M   19% /boot
/dev/mapper/centos-home   42G  342M   41G    1% /home
tmpfs                    781M   12K  781M    1% /run/user/42
tmpfs                    781M   28K  781M    1% /run/user/0
/dev/sr0                 9.6G  9.6G     0  100% /run/media/root/CentOS 7 x86_64

[root@idszt-node201 ~]# cp -r /home /tmp/
[root@idszt-node201 ~]# umount /home
[root@idszt-node201 ~]# lvreduce -L -1300G /dev/mapper/centos-home
  WARNING: Reducing active logical volume to <31.12 GiB.
  THIS MAY DESTROY YOUR DATA (filesystem etc.)
Do you really want to reduce centos/home? [y/n]: y
  Size of logical volume centos/home changed from <41.12 GiB (10526 extents) to <31.12 GiB (7966 extents).
  Logical volume centos/home successfully resized.
[root@idszt-node201 ~]# mkfs.xfs /dev/mapper/centos-home -f
meta-data=/dev/mapper/centos-home isize=512    agcount=4, agsize=2039296 blks
         =                       sectsz=512   attr=2, projid32bit=1
         =                       crc=1        finobt=0, sparse=0
data     =                       bsize=4096   blocks=8157184, imaxpct=25
         =                       sunit=0      swidth=0 blks
naming   =version 2              bsize=4096   ascii-ci=0 ftype=1
log      =internal log           bsize=4096   blocks=3983, version=2
         =                       sectsz=512   sunit=0 blks, lazy-count=1
realtime =none                   extsz=4096   blocks=0, rtextents=0
[root@idszt-node201 ~]# mount /dev/mapper/centos-home /home

[root@idszt-node201 ~]# lvextend -L +1300G /dev/mapper/centos-root
  Insufficient free space: 25600 extents needed, but only 2561 available
[root@idszt-node201 ~]# xfs_growfs /dev/mapper/centos-root
meta-data=/dev/mapper/centos-root isize=512    agcount=4, agsize=3276800 blks
         =                       sectsz=512   attr=2, projid32bit=1
         =                       crc=1        finobt=0 spinodes=0
data     =                       bsize=4096   blocks=13107200, imaxpct=25
         =                       sunit=0      swidth=0 blks
naming   =version 2              bsize=4096   ascii-ci=0 ftype=1
log      =internal               bsize=4096   blocks=6400, version=2
         =                       sectsz=512   sunit=0 blks, lazy-count=1
realtime =none                   extsz=4096   blocks=0, rtextents=0

[root@idszt-node201 ~]# df -hT
文件系统                类型      容量  已用  可用 已用% 挂载点
devtmpfs                devtmpfs  3.8G     0  3.8G    0% /dev
tmpfs                   tmpfs     3.9G     0  3.9G    0% /dev/shm
tmpfs                   tmpfs     3.9G   13M  3.8G    1% /run
tmpfs                   tmpfs     3.9G     0  3.9G    0% /sys/fs/cgroup
/dev/mapper/centos-root xfs        60G   13G   48G   21% /
/dev/sda1               xfs      1014M  187M  828M   19% /boot
tmpfs                   tmpfs     781M   28K  781M    1% /run/user/0
/dev/sr0                iso9660   9.6G  9.6G     0  100% /run/media/root/CentOS 7 x86_64
/dev/mapper/centos-home xfs        32G   33M   32G    1% /home





--------------------------------------
[root@idszt-node007 mysql]# cp -r /home /tmp/
[root@idszt-node007 mysql]# umount /home
[root@idszt-node007 mysql]# lvreduce -L -5070G /dev/mapper/centos-home
  WARNING: Reducing active logical volume to 2.26 TiB.
  THIS MAY DESTROY YOUR DATA (filesystem etc.)
Do you really want to reduce centos/home? [y/n]: y
  Size of logical volume centos/home changed from 7.21 TiB (1890831 extents) to 2.26 TiB (592911 extents).
  Logical volume centos/home successfully resized.
[root@idszt-node007 mysql]# mkfs.xfs /dev/mapper/centos-home -f
meta-data=/dev/mapper/centos-home isize=512    agcount=4, agsize=151785216 blks
         =                       sectsz=4096  attr=2, projid32bit=1
         =                       crc=1        finobt=0, sparse=0
data     =                       bsize=4096   blocks=607140864, imaxpct=5
         =                       sunit=0      swidth=0 blks
naming   =version 2              bsize=4096   ascii-ci=0 ftype=1
log      =internal log           bsize=4096   blocks=296455, version=2
         =                       sectsz=4096  sunit=1 blks, lazy-count=1
realtime =none                   extsz=4096   blocks=0, rtextents=0
[root@idszt-node007 mysql]# mount /dev/mapper/centos-home /home
[root@idszt-node007 mysql]# lvextend -L +5070G /dev/mapper/centos-root
  Size of logical volume centos/root changed from 50.00 GiB (12800 extents) to 5.00 TiB (1310720 extents).
  Logical volume centos/root successfully resized.
[root@idszt-node007 mysql]# xfs_growfs /dev/mapper/centos-root
meta-data=/dev/mapper/centos-root isize=512    agcount=4, agsize=3276800 blks
         =                       sectsz=4096  attr=2, projid32bit=1
         =                       crc=1        finobt=0 spinodes=0
data     =                       bsize=4096   blocks=13107200, imaxpct=25
         =                       sunit=0      swidth=0 blks
naming   =version 2              bsize=4096   ascii-ci=0 ftype=1
log      =internal               bsize=4096   blocks=6400, version=2
         =                       sectsz=4096  sunit=1 blks, lazy-count=1
realtime =none                   extsz=4096   blocks=0, rtextents=0
data blocks changed from 13107200 to 1342177280
[root@idszt-node007 mysql]# df -hT
文件系统                类型      容量  已用  可用 已用% 挂载点
devtmpfs                devtmpfs  110G     0  110G    0% /dev
tmpfs                   tmpfs     110G     0  110G    0% /dev/shm
tmpfs                   tmpfs     110G   27M  110G    1% /run
tmpfs                   tmpfs     110G     0  110G    0% /sys/fs/cgroup
/dev/mapper/centos-root xfs       5.0T   40G  5.0T    1% /
/dev/sda2               xfs      1014M  171M  844M   17% /boot
/dev/sda1               vfat      200M   12M  189M    6% /boot/efi
tmpfs                   tmpfs      22G   12K   22G    1% /run/user/42
tmpfs                   tmpfs      22G     0   22G    0% /run/user/0
/dev/mapper/centos-home xfs       2.3T   33M  2.3T    1% /home

cp -r  /tmp/home /
rm -rf /tmp/home
```



调整/data到root分区